#Local:
#==================================================================================
#ESSID:		BSSID:			CH: ENC: CIPHER: AUTH:	KEY:
#----------------------------------------------------------------------------------
N8WA2		00:1F:90:ED:9A:24	11  WEP  WEP     ---    1F903B03B7
I9J01		00:1F:90:E6:FC:FE	11  WEP  WEP     ---    ???
linksys		00:18:F8:18:E8:C5	6   OPN  ---     ---	???
Zelda		00:22:3F:23:B9:9E	11  WPA  TKIP    PSK	???
<length: 6>     00:0F:66:53:79:4F       6   WPA  CCMP    PSK	???
H3GZ6           00:18:01:FA:FB:F3       1   WEP  WEP     ---    18F110394D
wireless        00:0C:41:D2:F9:E7       6   OPN  ---     ---	???
P0QQ1-9929      00:18:01:EB:7A:23       11  WEP  WEP     ---    ???
btwmain         00:1F:90:E5:99:2E       6   WPA2 CCMP    PSK	???
82K85           00:1F:90:A1:E8:C5       6   WEP  WEP     ---    ???
K7FQR           00:1F:90:C7:DD:20       1   WEP  WEP     ---    ???
R06D0           00:18:01:09:86:ED       11  WEP  WEP     ---    ???
1P2N7		00:18:01:FE:A1:50	1   WEP  WEP     ---    ???
